PasGlop | Glop of {a: int; b: Some of Foo of int | Bar of (string,int,boolean) | Baz | None}: Glop {a=42; b=None }
PasGlop | Glop of {a: int; b: Some of Foo of int | Bar of (string,int,boolean) | Baz | None}: Glop {a=42; b=Some Bar ("bla",4,false)}
PasGlop | Glop of {a: int; b: Some of Foo of int | Bar of (string,int,boolean) | Baz | None}: Glop {a=42; b=Some Bar ("bla",4,true)}
PasGlop | Glop of {a: int; b: Some of Foo of int | Bar of (string,int,boolean) | Baz | None}: Glop {a=42; b=Some Bar ("bla",4,true)}
PasGlop | Glop of {a: int; b: Some of Foo of int | Bar of (string,int,boolean) | Baz | None}: Glop {a=42; b=Some Foo 42}
PasGlop | Glop of {a: int; b: Some of Foo of int | Bar of (string,int,boolean) | Baz | None}: Glop {a=42; b=Some Foo 42}
PasGlop | Glop of {a: int; b: Some of Foo of int | Bar of (string,int,boolean) | Baz | None}: Glop {a=-2; b=Some Baz }
PasGlop | Glop of {a: int; b: Some of Foo of int | Bar of (string,int,boolean) | Baz | None}: Glop {a=0; b=Some Baz }
PasGlop of null | Glop of {a: int; b: Foo of int | Bar of [string,int,boolean] | Baz of null or null}: {"Glop":{"a":42, "b":null}}
Zap of {a: Some of PasGlop | Glop of {a: int; b: Some of Foo of int | Bar of (string,int,boolean) | Baz | None} | None}: Zap {a=Some PasGlop }
Zap of {a: Some of PasGlop | Glop of {a: int; b: Some of Foo of int | Bar of (string,int,boolean) | Baz | None} | None}: Zap {a=Some PasGlop }
Zap of {a: Some of PasGlop | Glop of {a: int; b: Some of Foo of int | Bar of (string,int,boolean) | Baz | None} | None}: Zap {a=Some PasGlop }
Zap of {a: Some of PasGlop | Glop of {a: int; b: Some of Foo of int | Bar of (string,int,boolean) | Baz | None} | None}: Zap {a=None }
{foo: int; bar: boolean}: {foo=42; bar=false}
{foo: int; bar: boolean}: {foo=42; bar=true}
{foo: int; bar: boolean}: {foo=17; bar=true}
(int,string,boolean,float): (1,"2",true,4.0)
(int,string,boolean,float): (1," escaped:\" ",true,0.0)
{u40: uint40; i48: int48; u56: uint56}: {u40=42190; i48=-42; u56=429000}
{foo10: int; bar10: hashtbl of string=>int}: {foo10=4; bar10={"glop"=>42;"pas"=>1}}
list of int: [1;2;3]
{field1: int; field2: string; field3: char; field4: int or null; field5: boolean or null}: {"field1":42, "field2":"bla", "field3":"x", "field4":10, "field5":false}
{field1: int; field2: string; field3: char; field4: int or null; field5: boolean or null}: {"field1":42, "field2":"bla", "field3":"z", "field4":null, "field5":false}
{field1: int; field2: string; field3: char; field4: int or null; field5: boolean or null}: {"field1":42, "field2":"bla", "field3":"x", "field4":1, "field5":true}
{field1: int; field2: string; field3: char; field4: int or null; field5: boolean or null}: {"field1":15, "field2":" escaped:\" ", "field3":"x", "field4":1, "field5":false}
NoArg of null | Arg of int: {"NoArg":null}
NoArg of null | Arg of int: {"Arg":42}
{baz: J31 of null | J32 of string}: {"baz":{"J31":null}}
list of int: [42,12]
list of int: [42,12]
list of int: [42,12]
list of int: [42,12]
list of int: [42,12]
list of int: [42,12]
{mandatory: int; optional: string}: {"mandatory":1, "optional":"default"}
{mandatory: int; optional: string}: {"mandatory":1, "optional":"present"}
{bar: int; baz: string}: {"bar":42, "baz":"glop"}
{a: int; b: float or null}: {"a":42, "b":1.0}
{a: int; b: float or null}: {"a":42, "b":null}
{a: int; b: float or null}: {"a":42, "b":"nan"}
{a: int; b: float or null}: {"a":42, "b":"inf"}
{a: int; b: float or null}: {"a":42, "b":"-inf"}
j8 null -> none
j8 null -> nan
j8 null -> -inf
{foo: int; hash: hashtbl of "int":float}: {"foo":42, "hash":{"34":"inf","42":42.0}}
{hash: hashtbl of string:boolean}: {"hash":{"foo":true,"bar":false}}
PasJlop of null | Jlop of {c: int; d: {a: int; b: float or null} or null}: {"Jlop":{"c":1, "d":null}}
AU64 of list of uint64 | AU32 of list of uint32 | AFloat of list of float: {"AFloat":[26.3129910322,93.4604360475]}
AU64 of list of uint64 | AU32 of list of uint32 | AFloat of list of float: {"AU64":[1493409971653419,1493409400273526]}
{first: int; columns: list of [string,boolean,AU64 of list of uint64 | AU32 of list of uint32 | AFloat of list of float]}: {"first":1, "columns":[["h1",false,{"AU64":[1]}]]}
{first: int; columns: list of [string,boolean,AU64 of list of uint64 | AU32 of list of uint32 | AFloat of list of float]}: {"first":1, "columns":[["h1",false,{"AU64":[1]}]]}
{first: int; columns: list of [string,boolean,AU64 of list of uint64 | AU32 of list of uint32 | AFloat of list of float]}: {"first":583, "columns":[["h1",false,{"AU64":[1493409900015801,1493409342783959]}],["h2",false,{"AU64":[1493409971653419,1493409400273526]}],["h3",false,{"AFloat":[26.3129910322,93.4604360475]}],["h4",false,{"AFloat":[1949.54835042,225383.363907]}],["h5",false,{"AU32":[50,50]}],["h6",false,{"AU32":[72,72]}]]}
