<->Glop {a=42; b=None }
<->Glop {a=42; b=Some Bar ("bla",4,false)}
<->Glop {a=42; b=Some Bar ("bla",4,true)}
<->Glop {a=42; b=Some Bar ("bla",4,true)}
<->Glop {a=42; b=Some Foo 42}
<->Glop {a=42; b=Some Foo 42}
<->Glop {a=-2; b=Some Baz }
<->Glop {a=0; b=Some Baz }
<->Zap {a=Some PasGlop }
<->Zap {a=Some PasGlop }
<->Zap {a=Some PasGlop }
<->Zap {a=None }
<->{foo=42; bar=false}
<->{foo=42; bar=true}
<->{foo=17; bar=true}
<->(1,"2",true,4.0)
<->{"field1":42, "field2":"bla", "field3":"x", "field4":10, "field5":false}
<->{"field1":42, "field2":"bla", "field3":"z", "field4":null, "field5":false}
<->{"field1":42, "field2":"bla", "field3":"x", "field4":1, "field5":true}
<->{"NoArg":null}
<->{"Arg":42}
<->{"baz":{"J31":null}}
<->[42,12]
<->[42,12]
<->[42,12]
<->[42,12]
<->[42,12]
<->[42,12]
<->{"AFloat":[26.3129910322,93.4604360475]}
<->{"AU64":[1493409971653419,1493409400273526]}
<->{"first":1, "columns":[["h1",false,{"AU64":[1]}]]}
<->{"first":1, "columns":[["h1",false,{"AU64":[1]}]]}
<->{"first":583, "columns":[["h1",false,{"AU64":[1493409900015801,1493409342783959]}],["h2",false,{"AU64":[1493409971653419,1493409400273526]}],["h3",false,{"AFloat":[26.3129910322,93.4604360475]}],["h4",false,{"AFloat":[1949.54835042,225383.363907]}],["h5",false,{"AU32":[50,50]}],["h6",false,{"AU32":[72,72]}]]}
